Evaluating 1534 BIRD queries with subprocess timeout=12s ...
  [50/1534] EX=43/50 (86.0%), Valid=46/50 (92.0%)
  [100/1534] EX=86/100 (86.0%), Valid=96/100 (96.0%)
  [150/1534] EX=127/150 (84.7%), Valid=145/150 (96.7%)
  [200/1534] EX=168/200 (84.0%), Valid=193/200 (96.5%)
  [250/1534] EX=208/250 (83.2%), Valid=241/250 (96.4%)
  [300/1534] EX=250/300 (83.3%), Valid=290/300 (96.7%)
  [350/1534] EX=292/350 (83.4%), Valid=338/350 (96.6%)
  [400/1534] EX=326/400 (81.5%), Valid=380/400 (95.0%)
  [450/1534] EX=363/450 (80.7%), Valid=426/450 (94.7%)
  [500/1534] EX=406/500 (81.2%), Valid=474/500 (94.8%)
  [550/1534] EX=447/550 (81.3%), Valid=521/550 (94.7%)
  [600/1534] EX=487/600 (81.2%), Valid=570/600 (95.0%)
  [650/1534] EX=524/650 (80.6%), Valid=619/650 (95.2%)
  [700/1534] EX=568/700 (81.1%), Valid=668/700 (95.4%)
  [750/1534] EX=611/750 (81.5%), Valid=714/750 (95.2%)
  [800/1534] EX=660/800 (82.5%), Valid=764/800 (95.5%)
  [850/1534] EX=703/850 (82.7%), Valid=814/850 (95.8%)
  [900/1534] EX=742/900 (82.4%), Valid=863/900 (95.9%)
  [950/1534] EX=786/950 (82.7%), Valid=913/950 (96.1%)
  [1000/1534] EX=826/1000 (82.6%), Valid=960/1000 (96.0%)
  [1050/1534] EX=863/1050 (82.2%), Valid=1010/1050 (96.2%)
  [1100/1534] EX=909/1100 (82.6%), Valid=1058/1100 (96.2%)
  [1150/1534] EX=954/1150 (83.0%), Valid=1106/1150 (96.2%)
  [1200/1534] EX=996/1200 (83.0%), Valid=1156/1200 (96.3%)
  [1250/1534] EX=1040/1250 (83.2%), Valid=1206/1250 (96.5%)
  [1300/1534] EX=1076/1300 (82.8%), Valid=1256/1300 (96.6%)
  [1350/1534] EX=1123/1350 (83.2%), Valid=1306/1350 (96.7%)
  [1400/1534] EX=1170/1400 (83.6%), Valid=1356/1400 (96.9%)
  [1450/1534] EX=1217/1450 (83.9%), Valid=1406/1450 (97.0%)
  [1500/1534] EX=1260/1500 (84.0%), Valid=1456/1500 (97.1%)
  [1534/1534] EX=1292/1534 (84.2%), Valid=1490/1534 (97.1%)

========== BIRD Official-style Evaluation ==========
Total queries: 1534
Exact Match (EM): 1045 / 1534 = 68.12%
Execution Match (EX): 1292 / 1534 = 84.22%
Valid SQL Rate: 1490 / 1534 = 97.13%
JOIN EX: 964 / 1140 = 84.56%
====================================================
Results written to /home/dameng/project/nl2sql_harness_dev/metrics/k5_v2_merged_detvg_20260726/bird_official_eval.json
Value-grounding deterministic repair: attempted=849, repaired=5
EX=84.22% Valid=97.13%
