Evaluating 1534 BIRD queries with subprocess timeout=12s ...
  [50/1534] EX=29/50 (58.0%), Valid=46/50 (92.0%)
  [100/1534] EX=51/100 (51.0%), Valid=95/100 (95.0%)
  [150/1534] EX=77/150 (51.3%), Valid=140/150 (93.3%)
  [200/1534] EX=100/200 (50.0%), Valid=186/200 (93.0%)
  [250/1534] EX=127/250 (50.8%), Valid=233/250 (93.2%)
  [300/1534] EX=150/300 (50.0%), Valid=279/300 (93.0%)
  [350/1534] EX=174/350 (49.7%), Valid=324/350 (92.6%)
  [400/1534] EX=199/400 (49.8%), Valid=366/400 (91.5%)
  [450/1534] EX=215/450 (47.8%), Valid=413/450 (91.8%)
  [500/1534] EX=246/500 (49.2%), Valid=462/500 (92.4%)
  [550/1534] EX=274/550 (49.8%), Valid=510/550 (92.7%)
  [600/1534] EX=306/600 (51.0%), Valid=558/600 (93.0%)
  [650/1534] EX=331/650 (50.9%), Valid=606/650 (93.2%)
  [700/1534] EX=362/700 (51.7%), Valid=655/700 (93.6%)
  [750/1534] EX=400/750 (53.3%), Valid=701/750 (93.5%)
  [800/1534] EX=442/800 (55.2%), Valid=751/800 (93.9%)
  [850/1534] EX=482/850 (56.7%), Valid=801/850 (94.2%)
  [900/1534] EX=505/900 (56.1%), Valid=850/900 (94.4%)
  [950/1534] EX=539/950 (56.7%), Valid=898/950 (94.5%)
  [1000/1534] EX=558/1000 (55.8%), Valid=948/1000 (94.8%)
  [1050/1534] EX=585/1050 (55.7%), Valid=994/1050 (94.7%)
  [1100/1534] EX=625/1100 (56.8%), Valid=1042/1100 (94.7%)
  [1150/1534] EX=655/1150 (57.0%), Valid=1089/1150 (94.7%)
  [1200/1534] EX=686/1200 (57.2%), Valid=1137/1200 (94.8%)
  [1250/1534] EX=711/1250 (56.9%), Valid=1185/1250 (94.8%)
  [1300/1534] EX=727/1300 (55.9%), Valid=1232/1300 (94.8%)
  [1350/1534] EX=765/1350 (56.7%), Valid=1280/1350 (94.8%)
  [1400/1534] EX=806/1400 (57.6%), Valid=1330/1400 (95.0%)
  [1450/1534] EX=847/1450 (58.4%), Valid=1379/1450 (95.1%)
  [1500/1534] EX=875/1500 (58.3%), Valid=1429/1500 (95.3%)
  [1534/1534] EX=888/1534 (57.9%), Valid=1460/1534 (95.2%)

========== BIRD Official-style Evaluation ==========
Total queries: 1534
Exact Match (EM): 71 / 1534 = 4.63%
Execution Match (EX): 888 / 1534 = 57.89%
Valid SQL Rate: 1460 / 1534 = 95.18%
JOIN EX: 646 / 1140 = 56.67%
====================================================
Results written to metrics/base_hash_20260726/bird_official_eval.json
