Evaluating 1534 BIRD queries with subprocess timeout=12s ...
  [50/1534] EX=43/50 (86.0%), Valid=46/50 (92.0%)
  [100/1534] EX=86/100 (86.0%), Valid=96/100 (96.0%)
  [150/1534] EX=127/150 (84.7%), Valid=145/150 (96.7%)
  [200/1534] EX=168/200 (84.0%), Valid=193/200 (96.5%)
  [250/1534] EX=208/250 (83.2%), Valid=241/250 (96.4%)
  [300/1534] EX=250/300 (83.3%), Valid=290/300 (96.7%)
  [350/1534] EX=292/350 (83.4%), Valid=338/350 (96.6%)
  [400/1534] EX=326/400 (81.5%), Valid=380/400 (95.0%)
  [450/1534] EX=362/450 (80.4%), Valid=426/450 (94.7%)
  [500/1534] EX=405/500 (81.0%), Valid=474/500 (94.8%)
  [550/1534] EX=445/550 (80.9%), Valid=521/550 (94.7%)
  [600/1534] EX=485/600 (80.8%), Valid=570/600 (95.0%)
  [650/1534] EX=522/650 (80.3%), Valid=619/650 (95.2%)
  [700/1534] EX=566/700 (80.9%), Valid=668/700 (95.4%)
  [750/1534] EX=609/750 (81.2%), Valid=714/750 (95.2%)
  [800/1534] EX=657/800 (82.1%), Valid=764/800 (95.5%)
  [850/1534] EX=699/850 (82.2%), Valid=814/850 (95.8%)
  [900/1534] EX=738/900 (82.0%), Valid=863/900 (95.9%)
  [950/1534] EX=781/950 (82.2%), Valid=913/950 (96.1%)
  [1000/1534] EX=821/1000 (82.1%), Valid=960/1000 (96.0%)
  [1050/1534] EX=858/1050 (81.7%), Valid=1010/1050 (96.2%)
  [1100/1534] EX=904/1100 (82.2%), Valid=1058/1100 (96.2%)
  [1150/1534] EX=949/1150 (82.5%), Valid=1106/1150 (96.2%)
  [1200/1534] EX=991/1200 (82.6%), Valid=1156/1200 (96.3%)
  [1250/1534] EX=1035/1250 (82.8%), Valid=1206/1250 (96.5%)
  [1300/1534] EX=1071/1300 (82.4%), Valid=1256/1300 (96.6%)
  [1350/1534] EX=1118/1350 (82.8%), Valid=1306/1350 (96.7%)
  [1400/1534] EX=1165/1400 (83.2%), Valid=1356/1400 (96.9%)
  [1450/1534] EX=1212/1450 (83.6%), Valid=1406/1450 (97.0%)
  [1500/1534] EX=1255/1500 (83.7%), Valid=1456/1500 (97.1%)
  [1534/1534] EX=1287/1534 (83.9%), Valid=1490/1534 (97.1%)

========== BIRD Official-style Evaluation ==========
Total queries: 1534
Exact Match (EM): 1045 / 1534 = 68.12%
Execution Match (EX): 1287 / 1534 = 83.90%
Valid SQL Rate: 1490 / 1534 = 97.13%
JOIN EX: 962 / 1140 = 84.39%
====================================================
Results written to metrics/retrieval_k5_v2_hash_20260726/bird_official_eval.json
