Evaluating 1534 BIRD queries with subprocess timeout=12s ...
  [50/1534] EX=0/50 (0.0%), Valid=0/50 (0.0%)
  [100/1534] EX=2/100 (2.0%), Valid=7/100 (7.0%)
  [150/1534] EX=7/150 (4.7%), Valid=22/150 (14.7%)
  [200/1534] EX=13/200 (6.5%), Valid=39/200 (19.5%)
  [250/1534] EX=13/250 (5.2%), Valid=39/250 (15.6%)
  [300/1534] EX=13/300 (4.3%), Valid=39/300 (13.0%)
  [350/1534] EX=13/350 (3.7%), Valid=39/350 (11.1%)
  [400/1534] EX=13/400 (3.2%), Valid=39/400 (9.8%)
  [450/1534] EX=13/450 (2.9%), Valid=39/450 (8.7%)
  [500/1534] EX=13/500 (2.6%), Valid=39/500 (7.8%)
  [550/1534] EX=13/550 (2.4%), Valid=39/550 (7.1%)
  [600/1534] EX=13/600 (2.2%), Valid=39/600 (6.5%)
  [650/1534] EX=13/650 (2.0%), Valid=39/650 (6.0%)
  [700/1534] EX=13/700 (1.9%), Valid=39/700 (5.6%)
  [750/1534] EX=13/750 (1.7%), Valid=39/750 (5.2%)
  [800/1534] EX=13/800 (1.6%), Valid=39/800 (4.9%)
  [850/1534] EX=13/850 (1.5%), Valid=39/850 (4.6%)
  [900/1534] EX=13/900 (1.4%), Valid=39/900 (4.3%)
  [950/1534] EX=13/950 (1.4%), Valid=39/950 (4.1%)
  [1000/1534] EX=13/1000 (1.3%), Valid=39/1000 (3.9%)
  [1050/1534] EX=13/1050 (1.2%), Valid=39/1050 (3.7%)
  [1100/1534] EX=13/1100 (1.2%), Valid=39/1100 (3.5%)
  [1150/1534] EX=13/1150 (1.1%), Valid=39/1150 (3.4%)
  [1200/1534] EX=13/1200 (1.1%), Valid=39/1200 (3.2%)
  [1250/1534] EX=13/1250 (1.0%), Valid=39/1250 (3.1%)
  [1300/1534] EX=13/1300 (1.0%), Valid=39/1300 (3.0%)
  [1350/1534] EX=13/1350 (1.0%), Valid=39/1350 (2.9%)
  [1400/1534] EX=13/1400 (0.9%), Valid=39/1400 (2.8%)
  [1450/1534] EX=13/1450 (0.9%), Valid=39/1450 (2.7%)
  [1500/1534] EX=13/1500 (0.9%), Valid=39/1500 (2.6%)
  [1534/1534] EX=13/1534 (0.8%), Valid=39/1534 (2.5%)

========== BIRD Official-style Evaluation ==========
Total queries: 1534
Exact Match (EM): 6 / 1534 = 0.39%
Execution Match (EX): 13 / 1534 = 0.85%
Valid SQL Rate: 39 / 1534 = 2.54%
JOIN EX: 13 / 1140 = 1.14%
====================================================
Results written to metrics/glm_dh_full_hash_20260726/bird_official_eval.json
