Evaluating 1534 BIRD queries with subprocess timeout=12s ...
  [50/1534] EX=6/50 (12.0%), Valid=16/50 (32.0%)
  [100/1534] EX=13/100 (13.0%), Valid=40/100 (40.0%)
  [150/1534] EX=19/150 (12.7%), Valid=60/150 (40.0%)
  [200/1534] EX=21/200 (10.5%), Valid=79/200 (39.5%)
  [250/1534] EX=24/250 (9.6%), Valid=99/250 (39.6%)
  [300/1534] EX=27/300 (9.0%), Valid=122/300 (40.7%)
  [350/1534] EX=33/350 (9.4%), Valid=143/350 (40.9%)
  [400/1534] EX=33/400 (8.2%), Valid=158/400 (39.5%)
  [450/1534] EX=34/450 (7.6%), Valid=187/450 (41.6%)
  [500/1534] EX=36/500 (7.2%), Valid=204/500 (40.8%)
  [550/1534] EX=37/550 (6.7%), Valid=220/550 (40.0%)
  [600/1534] EX=40/600 (6.7%), Valid=236/600 (39.3%)
  [650/1534] EX=43/650 (6.6%), Valid=259/650 (39.8%)
  [700/1534] EX=44/700 (6.3%), Valid=273/700 (39.0%)
  [750/1534] EX=44/750 (5.9%), Valid=280/750 (37.3%)
  [800/1534] EX=46/800 (5.8%), Valid=288/800 (36.0%)
  [850/1534] EX=47/850 (5.5%), Valid=298/850 (35.1%)
  [900/1534] EX=48/900 (5.3%), Valid=321/900 (35.7%)
  [950/1534] EX=49/950 (5.2%), Valid=336/950 (35.4%)
  [1000/1534] EX=51/1000 (5.1%), Valid=362/1000 (36.2%)
  [1050/1534] EX=54/1050 (5.1%), Valid=382/1050 (36.4%)
  [1100/1534] EX=55/1100 (5.0%), Valid=390/1100 (35.5%)
  [1150/1534] EX=58/1150 (5.0%), Valid=403/1150 (35.0%)
  [1200/1534] EX=60/1200 (5.0%), Valid=418/1200 (34.8%)
  [1250/1534] EX=64/1250 (5.1%), Valid=434/1250 (34.7%)
  [1300/1534] EX=66/1300 (5.1%), Valid=464/1300 (35.7%)
  [1350/1534] EX=69/1350 (5.1%), Valid=475/1350 (35.2%)
  [1400/1534] EX=71/1400 (5.1%), Valid=483/1400 (34.5%)
  [1450/1534] EX=72/1450 (5.0%), Valid=491/1450 (33.9%)
  [1500/1534] EX=78/1500 (5.2%), Valid=506/1500 (33.7%)
  [1534/1534] EX=85/1534 (5.5%), Valid=522/1534 (34.0%)

========== BIRD Official-style Evaluation ==========
Total queries: 1534
Exact Match (EM): 4 / 1534 = 0.26%
Execution Match (EX): 85 / 1534 = 5.54%
Valid SQL Rate: 522 / 1534 = 34.03%
JOIN EX: 68 / 1140 = 5.96%
====================================================
Results written to metrics/e3cand_full_hash_20260726/bird_official_eval.json
