  [2/384] qid=769 valid=True
  [3/384] qid=770 valid=True
  [4/384] qid=771 valid=True
  [5/384] qid=772 valid=True
  [6/384] qid=773 valid=True
  [7/384] qid=774 valid=True
  [8/384] qid=775 valid=True
  [9/384] qid=776 valid=True
  [10/384] qid=777 valid=True
  [11/384] qid=778 valid=True
  [12/384] qid=779 valid=True
  [13/384] qid=780 valid=True
  [14/384] qid=781 valid=True
  [15/384] qid=782 valid=True
  [16/384] qid=783 valid=True
  [17/384] qid=784 valid=True
  [18/384] qid=785 valid=True
  [19/384] qid=786 valid=True
  [20/384] qid=787 valid=True
  [21/384] qid=788 valid=True
  [22/384] qid=789 valid=True
  [23/384] qid=790 valid=True
  [24/384] qid=791 valid=True
  [25/384] qid=792 valid=True
  [26/384] qid=793 valid=True
  [27/384] qid=794 valid=True
  [28/384] qid=795 valid=True
  [29/384] qid=796 valid=True
  [30/384] qid=797 valid=True
  [31/384] qid=798 valid=True
  [32/384] qid=799 valid=True
  [33/384] qid=800 valid=True
  [34/384] qid=801 valid=True
  [35/384] qid=802 valid=True
  [36/384] qid=803 valid=True
  [37/384] qid=804 valid=True
  [38/384] qid=805 valid=True
  [39/384] qid=806 valid=True
  [40/384] qid=807 valid=True
  [41/384] qid=808 valid=True
  [42/384] qid=809 valid=True
  [43/384] qid=810 valid=True
  [44/384] qid=811 valid=True
  [45/384] qid=812 valid=True
  [46/384] qid=813 valid=True
  [47/384] qid=814 valid=True
  [48/384] qid=815 valid=True
  [49/384] qid=816 valid=True
  [50/384] qid=817 valid=True
  [51/384] qid=818 valid=True
  [52/384] qid=819 valid=True
  [53/384] qid=820 valid=True
  [54/384] qid=821 valid=True
  [55/384] qid=822 valid=True
  [56/384] qid=823 valid=True
  [57/384] qid=824 valid=True
  [58/384] qid=825 valid=True
  [59/384] qid=826 valid=True
  [60/384] qid=827 valid=True
  [61/384] qid=828 valid=True
  [62/384] qid=829 valid=True
  [63/384] qid=830 valid=True
  [64/384] qid=831 valid=True
  [65/384] qid=832 valid=True
  [66/384] qid=833 valid=True
  [67/384] qid=834 valid=True
  [68/384] qid=835 valid=True
  [69/384] qid=836 valid=True
  [70/384] qid=837 valid=True
  [71/384] qid=838 valid=True
  [72/384] qid=839 valid=True
  [73/384] qid=840 valid=True
  [74/384] qid=841 valid=True
  [75/384] qid=842 valid=True
  [76/384] qid=843 valid=True
  [77/384] qid=844 valid=True
  [78/384] qid=845 valid=True
  [79/384] qid=846 valid=True
  [80/384] qid=847 valid=True
  [81/384] qid=848 valid=True
  [82/384] qid=849 valid=True
  [83/384] qid=850 valid=True
  [84/384] qid=851 valid=True
  [85/384] qid=852 valid=True
  [86/384] qid=853 valid=True
  [87/384] qid=854 valid=True
  [88/384] qid=855 valid=True
  [89/384] qid=856 valid=True
  [90/384] qid=857 valid=True
  [91/384] qid=858 valid=True
  [92/384] qid=859 valid=True
  [93/384] qid=860 valid=True
  [94/384] qid=861 valid=True
  [95/384] qid=862 valid=True
  [96/384] qid=863 valid=True
  [97/384] qid=864 valid=True
  [98/384] qid=865 valid=True
  [99/384] qid=866 valid=True
  [100/384] qid=867 valid=True
  [101/384] qid=868 valid=True
  [102/384] qid=869 valid=True
  [103/384] qid=870 valid=True
  [104/384] qid=871 valid=True
  [105/384] qid=872 valid=True
  [106/384] qid=873 valid=True
  [107/384] qid=874 valid=True
  [108/384] qid=875 valid=True
  [109/384] qid=876 valid=True
  [110/384] qid=877 valid=True
  [111/384] qid=878 valid=True
  [112/384] qid=879 valid=True
  [113/384] qid=880 valid=True
  [114/384] qid=881 valid=True
  [115/384] qid=882 valid=True
  [116/384] qid=883 valid=True
  [117/384] qid=884 valid=True
  [118/384] qid=885 valid=True
  [119/384] qid=886 valid=True
  [120/384] qid=887 valid=True
  [121/384] qid=888 valid=True
  [122/384] qid=889 valid=True
  [123/384] qid=890 valid=True
  [124/384] qid=891 valid=True
  [125/384] qid=892 valid=True
  [126/384] qid=893 valid=True
  [127/384] qid=894 valid=True
  [128/384] qid=895 valid=True
  [129/384] qid=896 valid=True
  [130/384] qid=897 valid=True
  [131/384] qid=898 valid=True
  [132/384] qid=899 valid=True
  [133/384] qid=900 valid=True
  [134/384] qid=901 valid=True
  [135/384] qid=902 valid=True
  [136/384] qid=903 valid=True
  [137/384] qid=904 valid=True
  [138/384] qid=905 valid=True
  [139/384] qid=906 valid=True
  [140/384] qid=907 valid=True
  [141/384] qid=908 valid=True
  [142/384] qid=909 valid=True
  [143/384] qid=910 valid=True
  [144/384] qid=911 valid=True
  [145/384] qid=912 valid=True
  [146/384] qid=913 valid=True
  [147/384] qid=914 valid=True
  [148/384] qid=915 valid=True
  [149/384] qid=916 valid=True
  [150/384] qid=917 valid=True
  [151/384] qid=918 valid=True
  [152/384] qid=919 valid=True
  [153/384] qid=920 valid=True
  [154/384] qid=921 valid=True
  [155/384] qid=922 valid=True
  [156/384] qid=923 valid=True
  [157/384] qid=924 valid=True
  [158/384] qid=925 valid=True
  [159/384] qid=926 valid=True
  [160/384] qid=927 valid=True
  [161/384] qid=928 valid=True
  [162/384] qid=929 valid=True
  [163/384] qid=930 valid=True
  [164/384] qid=931 valid=True
  [165/384] qid=932 valid=True
  [166/384] qid=933 valid=True
  [167/384] qid=934 valid=True
  [168/384] qid=935 valid=True
  [169/384] qid=936 valid=True
  [170/384] qid=937 valid=True
  [171/384] qid=938 valid=True
  [172/384] qid=939 valid=True
  [173/384] qid=940 valid=True
  [174/384] qid=941 valid=True
  [175/384] qid=942 valid=True
  [176/384] qid=943 valid=True
  [177/384] qid=944 valid=False
  [178/384] qid=945 valid=True
  [179/384] qid=946 valid=True
  [180/384] qid=947 valid=True
  [181/384] qid=948 valid=True
  [182/384] qid=949 valid=True
  [183/384] qid=950 valid=True
  [184/384] qid=951 valid=True
  [185/384] qid=952 valid=True
  [186/384] qid=953 valid=True
  [187/384] qid=954 valid=True
  [188/384] qid=955 valid=False
  [189/384] qid=956 valid=True
  [190/384] qid=957 valid=True
  [191/384] qid=958 valid=True
  [192/384] qid=959 valid=False
  [193/384] qid=960 valid=True
  [194/384] qid=961 valid=True
  [195/384] qid=962 valid=True
  [196/384] qid=963 valid=True
  [197/384] qid=964 valid=True
  [198/384] qid=965 valid=True
  [199/384] qid=966 valid=True
  [200/384] qid=967 valid=True
  [201/384] qid=968 valid=True
  [202/384] qid=969 valid=True
  [203/384] qid=970 valid=True
  [204/384] qid=971 valid=True
  [205/384] qid=972 valid=True
  [206/384] qid=973 valid=True
  [207/384] qid=974 valid=True
  [208/384] qid=975 valid=True
  [209/384] qid=976 valid=True
  [210/384] qid=977 valid=True
  [211/384] qid=978 valid=True
  [212/384] qid=979 valid=True
  [213/384] qid=980 valid=True
  [214/384] qid=981 valid=True
  [215/384] qid=982 valid=True
  [216/384] qid=983 valid=True
  [217/384] qid=984 valid=True
  [218/384] qid=985 valid=True
  [219/384] qid=986 valid=True
  [220/384] qid=987 valid=True
  [221/384] qid=988 valid=True
  [222/384] qid=989 valid=True
  [223/384] qid=990 valid=True
  [224/384] qid=991 valid=True
  [225/384] qid=992 valid=True
  [226/384] qid=993 valid=True
  [227/384] qid=994 valid=True
  [228/384] qid=995 valid=True
  [229/384] qid=996 valid=True
  [230/384] qid=997 valid=True
  [231/384] qid=998 valid=True
  [232/384] qid=999 valid=True
  [233/384] qid=1000 valid=True
  [234/384] qid=1001 valid=True
  [235/384] qid=1002 valid=True
  [236/384] qid=1003 valid=True
  [237/384] qid=1004 valid=True
  [238/384] qid=1005 valid=True
  [239/384] qid=1006 valid=True
  [240/384] qid=1007 valid=True
  [241/384] qid=1008 valid=True
  [242/384] qid=1009 valid=True
  [243/384] qid=1010 valid=True
  [244/384] qid=1011 valid=True
  [245/384] qid=1012 valid=True
  [246/384] qid=1013 valid=False
  [247/384] qid=1014 valid=True
  [248/384] qid=1015 valid=False
  [249/384] qid=1016 valid=False
  [250/384] qid=1017 valid=True
  [251/384] qid=1018 valid=True
  [252/384] qid=1019 valid=True
  [253/384] qid=1020 valid=True
  [254/384] qid=1021 valid=True
  [255/384] qid=1022 valid=True
  [256/384] qid=1023 valid=True
  [257/384] qid=1024 valid=True
  [258/384] qid=1025 valid=True
  [259/384] qid=1026 valid=True
  [260/384] qid=1027 valid=True
  [261/384] qid=1028 valid=True
  [262/384] qid=1029 valid=True
  [263/384] qid=1030 valid=True
  [264/384] qid=1031 valid=True
  [265/384] qid=1032 valid=True
  [266/384] qid=1033 valid=True
  [267/384] qid=1034 valid=True
  [268/384] qid=1035 valid=True
  [269/384] qid=1036 valid=True
  [270/384] qid=1037 valid=True
  [271/384] qid=1038 valid=True
  [272/384] qid=1039 valid=True
  [273/384] qid=1040 valid=True
  [274/384] qid=1041 valid=True
  [275/384] qid=1042 valid=True
  [276/384] qid=1043 valid=True
  [277/384] qid=1044 valid=True
  [278/384] qid=1045 valid=True
  [279/384] qid=1046 valid=True
  [280/384] qid=1047 valid=True
  [281/384] qid=1048 valid=True
  [282/384] qid=1049 valid=True
  [283/384] qid=1050 valid=True
  [284/384] qid=1051 valid=True
  [285/384] qid=1052 valid=True
  [286/384] qid=1053 valid=True
  [287/384] qid=1054 valid=True
  [288/384] qid=1055 valid=True
  [289/384] qid=1056 valid=True
  [290/384] qid=1057 valid=True
  [291/384] qid=1058 valid=True
  [292/384] qid=1059 valid=True
  [293/384] qid=1060 valid=True
  [294/384] qid=1061 valid=True
  [295/384] qid=1062 valid=True
  [296/384] qid=1063 valid=True
  [297/384] qid=1064 valid=True
  [298/384] qid=1065 valid=True
  [299/384] qid=1066 valid=True
  [300/384] qid=1067 valid=True
  [301/384] qid=1068 valid=True
  [302/384] qid=1069 valid=True
  [303/384] qid=1070 valid=True
  [304/384] qid=1071 valid=True
  [305/384] qid=1072 valid=True
  [306/384] qid=1073 valid=True
  [307/384] qid=1074 valid=True
  [308/384] qid=1075 valid=True
  [309/384] qid=1076 valid=True
  [310/384] qid=1077 valid=True
  [311/384] qid=1078 valid=True
  [312/384] qid=1079 valid=True
  [313/384] qid=1080 valid=True
  [314/384] qid=1081 valid=True
  [315/384] qid=1082 valid=True
  [316/384] qid=1083 valid=True
  [317/384] qid=1084 valid=True
  [318/384] qid=1085 valid=True
  [319/384] qid=1086 valid=True
  [320/384] qid=1087 valid=True
  [321/384] qid=1088 valid=True
  [322/384] qid=1089 valid=True
  [323/384] qid=1090 valid=True
  [324/384] qid=1091 valid=True
  [325/384] qid=1092 valid=True
  [326/384] qid=1093 valid=True
  [327/384] qid=1094 valid=True
  [328/384] qid=1095 valid=True
  [329/384] qid=1096 valid=True
  [330/384] qid=1097 valid=True
  [331/384] qid=1098 valid=True
  [332/384] qid=1099 valid=True
  [333/384] qid=1100 valid=True
  [334/384] qid=1101 valid=True
  [335/384] qid=1102 valid=True
  [336/384] qid=1103 valid=True
  [337/384] qid=1104 valid=True
  [338/384] qid=1105 valid=True
  [339/384] qid=1106 valid=True
  [340/384] qid=1107 valid=True
  [341/384] qid=1108 valid=True
  [342/384] qid=1109 valid=True
  [343/384] qid=1110 valid=True
  [344/384] qid=1111 valid=True
  [345/384] qid=1112 valid=True
  [346/384] qid=1113 valid=True
  [347/384] qid=1114 valid=True
  [348/384] qid=1115 valid=True
  [349/384] qid=1116 valid=True
  [350/384] qid=1117 valid=True
  [351/384] qid=1118 valid=True
  [352/384] qid=1119 valid=True
  [353/384] qid=1120 valid=True
  [354/384] qid=1121 valid=True
  [355/384] qid=1122 valid=True
  [356/384] qid=1123 valid=True
  [357/384] qid=1124 valid=True
  [358/384] qid=1125 valid=True
  [359/384] qid=1126 valid=True
  [360/384] qid=1127 valid=True
  [361/384] qid=1128 valid=True
  [362/384] qid=1129 valid=True
  [363/384] qid=1130 valid=True
  [364/384] qid=1131 valid=True
  [365/384] qid=1132 valid=True
  [366/384] qid=1133 valid=True
  [367/384] qid=1134 valid=True
  [368/384] qid=1135 valid=True
  [369/384] qid=1136 valid=True
  [370/384] qid=1137 valid=True
  [371/384] qid=1138 valid=True
  [372/384] qid=1139 valid=True
  [373/384] qid=1140 valid=True
  [374/384] qid=1141 valid=True
  [375/384] qid=1142 valid=True
  [376/384] qid=1143 valid=True
  [377/384] qid=1144 valid=True
  [378/384] qid=1145 valid=True
  [379/384] qid=1146 valid=True
  [380/384] qid=1147 valid=True
  [381/384] qid=1148 valid=True
  [382/384] qid=1149 valid=True
  [383/384] qid=1150 valid=True
  [384/384] qid=1151 valid=True
Evaluating 384 BIRD queries with subprocess timeout=12s ...
  [50/384] EX=46/50 (92.0%), Valid=50/50 (100.0%)
  [100/384] EX=91/100 (91.0%), Valid=100/100 (100.0%)
  [150/384] EX=133/150 (88.7%), Valid=150/150 (100.0%)
  [200/384] EX=179/200 (89.5%), Valid=199/200 (99.5%)
  [250/384] EX=215/250 (86.0%), Valid=248/250 (99.2%)
  [300/384] EX=257/300 (85.7%), Valid=298/300 (99.3%)
  [350/384] EX=304/350 (86.9%), Valid=348/350 (99.4%)
  [384/384] EX=334/384 (87.0%), Valid=382/384 (99.5%)

========== BIRD Official-style Evaluation ==========
Total queries: 384
Exact Match (EM): 268 / 384 = 69.79%
Execution Match (EX): 334 / 384 = 86.98%
Valid SQL Rate: 382 / 384 = 99.48%
JOIN EX: 264 / 301 = 87.71%
====================================================
Results written to metrics/e0_bird_dev_full_glm5.2_cot8k_retrieval_k3_v2_chunk2_20260726/bird_official_eval.json
Run e0_bird_dev_full_glm5.2_cot8k_retrieval_k3_v2_chunk2_20260726 complete.
Metrics: EX=86.98%, Valid=99.48%
