  [3/384] qid=386 valid=True
  [4/384] qid=387 valid=True
  [5/384] qid=388 valid=True
  [6/384] qid=389 valid=True
  [7/384] qid=390 valid=True
  [8/384] qid=391 valid=True
  [9/384] qid=392 valid=True
  [10/384] qid=393 valid=True
  [11/384] qid=394 valid=True
  [12/384] qid=395 valid=True
  [13/384] qid=396 valid=True
  [14/384] qid=397 valid=True
  [15/384] qid=398 valid=True
  [16/384] qid=399 valid=True
  [17/384] qid=400 valid=True
  [18/384] qid=401 valid=True
  [19/384] qid=402 valid=True
  [20/384] qid=403 valid=True
  [21/384] qid=404 valid=True
  [22/384] qid=405 valid=True
  [23/384] qid=406 valid=True
  [24/384] qid=407 valid=True
  [25/384] qid=408 valid=True
  [26/384] qid=409 valid=True
  [27/384] qid=410 valid=True
  [28/384] qid=411 valid=True
  [29/384] qid=412 valid=True
  [30/384] qid=413 valid=True
  [31/384] qid=414 valid=True
  [32/384] qid=415 valid=True
  [33/384] qid=416 valid=True
  [34/384] qid=417 valid=True
  [35/384] qid=418 valid=True
  [36/384] qid=419 valid=True
  [37/384] qid=420 valid=True
  [38/384] qid=421 valid=True
  [39/384] qid=422 valid=True
  [40/384] qid=423 valid=True
  [41/384] qid=424 valid=True
  [42/384] qid=425 valid=True
  [43/384] qid=426 valid=True
  [44/384] qid=427 valid=True
  [45/384] qid=428 valid=True
  [46/384] qid=429 valid=True
  [47/384] qid=430 valid=True
  [48/384] qid=431 valid=True
  [49/384] qid=432 valid=True
  [50/384] qid=433 valid=True
  [51/384] qid=434 valid=True
  [52/384] qid=435 valid=True
  [53/384] qid=436 valid=True
  [54/384] qid=437 valid=True
  [55/384] qid=438 valid=True
  [56/384] qid=439 valid=True
  [57/384] qid=440 valid=True
  [58/384] qid=441 valid=True
  [59/384] qid=442 valid=True
  [60/384] qid=443 valid=True
  [61/384] qid=444 valid=True
  [62/384] qid=445 valid=True
  [63/384] qid=446 valid=True
  [64/384] qid=447 valid=True
  [65/384] qid=448 valid=True
  [66/384] qid=449 valid=True
  [67/384] qid=450 valid=True
  [68/384] qid=451 valid=True
  [69/384] qid=452 valid=True
  [70/384] qid=453 valid=True
  [71/384] qid=454 valid=True
  [72/384] qid=455 valid=True
  [73/384] qid=456 valid=True
  [74/384] qid=457 valid=True
  [75/384] qid=458 valid=True
  [76/384] qid=459 valid=True
  [77/384] qid=460 valid=True
  [78/384] qid=461 valid=True
  [79/384] qid=462 valid=True
  [80/384] qid=463 valid=True
  [81/384] qid=464 valid=True
  [82/384] qid=465 valid=True
  [83/384] qid=466 valid=True
  [84/384] qid=467 valid=True
  [85/384] qid=468 valid=True
  [86/384] qid=469 valid=True
  [87/384] qid=470 valid=True
  [88/384] qid=471 valid=True
  [89/384] qid=472 valid=True
  [90/384] qid=473 valid=True
  [91/384] qid=474 valid=True
  [92/384] qid=475 valid=True
  [93/384] qid=476 valid=True
  [94/384] qid=477 valid=True
  [95/384] qid=478 valid=True
  [96/384] qid=479 valid=True
  [97/384] qid=480 valid=True
  [98/384] qid=481 valid=True
  [99/384] qid=482 valid=True
  [100/384] qid=483 valid=True
  [101/384] qid=484 valid=True
  [102/384] qid=485 valid=True
  [103/384] qid=486 valid=True
  [104/384] qid=487 valid=True
  [105/384] qid=488 valid=True
  [106/384] qid=489 valid=True
  [107/384] qid=490 valid=True
  [108/384] qid=491 valid=True
  [109/384] qid=492 valid=True
  [110/384] qid=493 valid=True
  [111/384] qid=494 valid=True
  [112/384] qid=495 valid=True
  [113/384] qid=496 valid=True
  [114/384] qid=497 valid=True
  [115/384] qid=498 valid=True
  [116/384] qid=499 valid=True
  [117/384] qid=500 valid=True
  [118/384] qid=501 valid=True
  [119/384] qid=502 valid=True
  [120/384] qid=503 valid=True
  [121/384] qid=504 valid=True
  [122/384] qid=505 valid=True
  [123/384] qid=506 valid=True
  [124/384] qid=507 valid=True
  [125/384] qid=508 valid=True
  [126/384] qid=509 valid=True
  [127/384] qid=510 valid=True
  [128/384] qid=511 valid=True
  [129/384] qid=512 valid=True
  [130/384] qid=513 valid=True
  [131/384] qid=514 valid=True
  [132/384] qid=515 valid=True
  [133/384] qid=516 valid=True
  [134/384] qid=517 valid=True
  [135/384] qid=518 valid=True
  [136/384] qid=519 valid=True
  [137/384] qid=520 valid=True
  [138/384] qid=521 valid=True
  [139/384] qid=522 valid=True
  [140/384] qid=523 valid=True
  [141/384] qid=524 valid=True
  [142/384] qid=525 valid=True
  [143/384] qid=526 valid=True
  [144/384] qid=527 valid=True
  [145/384] qid=528 valid=True
  [146/384] qid=529 valid=True
  [147/384] qid=530 valid=True
  [148/384] qid=531 valid=True
  [149/384] qid=532 valid=True
  [150/384] qid=533 valid=True
  [151/384] qid=534 valid=True
  [152/384] qid=535 valid=True
  [153/384] qid=536 valid=True
  [154/384] qid=537 valid=True
  [155/384] qid=538 valid=True
  [156/384] qid=539 valid=True
  [157/384] qid=540 valid=True
  [158/384] qid=541 valid=True
  [159/384] qid=542 valid=True
  [160/384] qid=543 valid=True
  [161/384] qid=544 valid=True
  [162/384] qid=545 valid=True
  [163/384] qid=546 valid=True
  [164/384] qid=547 valid=True
  [165/384] qid=548 valid=True
  [166/384] qid=549 valid=True
  [167/384] qid=550 valid=True
  [168/384] qid=551 valid=True
  [169/384] qid=552 valid=True
  [170/384] qid=553 valid=True
  [171/384] qid=554 valid=True
  [172/384] qid=555 valid=True
  [173/384] qid=556 valid=True
  [174/384] qid=557 valid=True
  [175/384] qid=558 valid=True
  [176/384] qid=559 valid=True
  [177/384] qid=560 valid=True
  [178/384] qid=561 valid=True
  [179/384] qid=562 valid=True
  [180/384] qid=563 valid=True
  [181/384] qid=564 valid=True
  [182/384] qid=565 valid=True
  [183/384] qid=566 valid=True
  [184/384] qid=567 valid=True
  [185/384] qid=568 valid=True
  [186/384] qid=569 valid=True
  [187/384] qid=570 valid=True
  [188/384] qid=571 valid=True
  [189/384] qid=572 valid=True
  [190/384] qid=573 valid=True
  [191/384] qid=574 valid=True
  [192/384] qid=575 valid=True
  [193/384] qid=576 valid=True
  [194/384] qid=577 valid=True
  [195/384] qid=578 valid=True
  [196/384] qid=579 valid=True
  [197/384] qid=580 valid=True
  [198/384] qid=581 valid=True
  [199/384] qid=582 valid=True
  [200/384] qid=583 valid=True
  [201/384] qid=584 valid=True
  [202/384] qid=585 valid=True
  [203/384] qid=586 valid=True
  [204/384] qid=587 valid=True
  [205/384] qid=588 valid=True
  [206/384] qid=589 valid=True
  [207/384] qid=590 valid=True
  [208/384] qid=591 valid=True
  [209/384] qid=592 valid=True
  [210/384] qid=593 valid=True
  [211/384] qid=594 valid=True
  [212/384] qid=595 valid=True
  [213/384] qid=596 valid=True
  [214/384] qid=597 valid=True
  [215/384] qid=598 valid=True
  [216/384] qid=599 valid=True
  [217/384] qid=600 valid=True
  [218/384] qid=601 valid=True
  [219/384] qid=602 valid=True
  [220/384] qid=603 valid=True
  [221/384] qid=604 valid=True
  [222/384] qid=605 valid=True
  [223/384] qid=606 valid=True
  [224/384] qid=607 valid=True
  [225/384] qid=608 valid=True
  [226/384] qid=609 valid=True
  [227/384] qid=610 valid=True
  [228/384] qid=611 valid=True
  [229/384] qid=612 valid=True
  [230/384] qid=613 valid=True
  [231/384] qid=614 valid=True
  [232/384] qid=615 valid=True
  [233/384] qid=616 valid=True
  [234/384] qid=617 valid=True
  [235/384] qid=618 valid=True
  [236/384] qid=619 valid=True
  [237/384] qid=620 valid=True
  [238/384] qid=621 valid=True
  [239/384] qid=622 valid=True
  [240/384] qid=623 valid=True
  [241/384] qid=624 valid=True
  [242/384] qid=625 valid=True
  [243/384] qid=626 valid=True
  [244/384] qid=627 valid=True
  [245/384] qid=628 valid=True
  [246/384] qid=629 valid=True
  [247/384] qid=630 valid=True
  [248/384] qid=631 valid=True
  [249/384] qid=632 valid=True
  [250/384] qid=633 valid=True
  [251/384] qid=634 valid=True
  [252/384] qid=635 valid=True
  [253/384] qid=636 valid=True
  [254/384] qid=637 valid=True
  [255/384] qid=638 valid=True
  [256/384] qid=639 valid=True
  [257/384] qid=640 valid=True
  [258/384] qid=641 valid=True
  [259/384] qid=642 valid=True
  [260/384] qid=643 valid=True
  [261/384] qid=644 valid=True
  [262/384] qid=645 valid=True
  [263/384] qid=646 valid=True
  [264/384] qid=647 valid=True
  [265/384] qid=648 valid=True
  [266/384] qid=649 valid=True
  [267/384] qid=650 valid=True
  [268/384] qid=651 valid=True
  [269/384] qid=652 valid=True
  [270/384] qid=653 valid=True
  [271/384] qid=654 valid=True
  [272/384] qid=655 valid=True
  [273/384] qid=656 valid=True
  [274/384] qid=657 valid=True
  [275/384] qid=658 valid=True
  [276/384] qid=659 valid=True
  [277/384] qid=660 valid=True
  [278/384] qid=661 valid=True
  [279/384] qid=662 valid=True
  [280/384] qid=663 valid=True
  [281/384] qid=664 valid=True
  [282/384] qid=665 valid=True
  [283/384] qid=666 valid=True
  [284/384] qid=667 valid=True
  [285/384] qid=668 valid=True
  [286/384] qid=669 valid=True
  [287/384] qid=670 valid=True
  [288/384] qid=671 valid=True
  [289/384] qid=672 valid=True
  [290/384] qid=673 valid=True
  [291/384] qid=674 valid=True
  [292/384] qid=675 valid=True
  [293/384] qid=676 valid=True
  [294/384] qid=677 valid=True
  [295/384] qid=678 valid=True
  [296/384] qid=679 valid=True
  [297/384] qid=680 valid=True
  [298/384] qid=681 valid=True
  [299/384] qid=682 valid=True
  [300/384] qid=683 valid=True
  [301/384] qid=684 valid=True
  [302/384] qid=685 valid=True
  [303/384] qid=686 valid=True
  [304/384] qid=687 valid=True
  [305/384] qid=688 valid=True
  [306/384] qid=689 valid=True
  [307/384] qid=690 valid=True
  [308/384] qid=691 valid=True
  [309/384] qid=692 valid=True
  [310/384] qid=693 valid=True
  [311/384] qid=694 valid=True
  [312/384] qid=695 valid=True
  [313/384] qid=696 valid=True
  [314/384] qid=697 valid=True
  [315/384] qid=698 valid=True
  [316/384] qid=699 valid=True
  [317/384] qid=700 valid=True
  [318/384] qid=701 valid=True
  [319/384] qid=702 valid=True
  [320/384] qid=703 valid=True
  [321/384] qid=704 valid=True
  [322/384] qid=705 valid=True
  [323/384] qid=706 valid=True
  [324/384] qid=707 valid=True
  [325/384] qid=708 valid=True
  [326/384] qid=709 valid=True
  [327/384] qid=710 valid=True
  [328/384] qid=711 valid=True
  [329/384] qid=712 valid=True
  [330/384] qid=713 valid=True
  [331/384] qid=714 valid=True
  [332/384] qid=715 valid=True
  [333/384] qid=716 valid=True
  [334/384] qid=717 valid=True
  [335/384] qid=718 valid=True
  [336/384] qid=719 valid=True
  [337/384] qid=720 valid=True
  [338/384] qid=721 valid=True
  [339/384] qid=722 valid=True
  [340/384] qid=723 valid=True
  [341/384] qid=724 valid=True
  [342/384] qid=725 valid=True
  [343/384] qid=726 valid=True
  [344/384] qid=727 valid=True
  [345/384] qid=728 valid=True
  [346/384] qid=729 valid=True
  [347/384] qid=730 valid=True
  [348/384] qid=731 valid=True
  [349/384] qid=732 valid=True
  [350/384] qid=733 valid=True
  [351/384] qid=734 valid=True
  [352/384] qid=735 valid=True
  [353/384] qid=736 valid=True
  [354/384] qid=737 valid=True
  [355/384] qid=738 valid=True
  [356/384] qid=739 valid=True
  [357/384] qid=740 valid=True
  [358/384] qid=741 valid=True
  [359/384] qid=742 valid=True
  [360/384] qid=743 valid=True
  [361/384] qid=744 valid=True
  [362/384] qid=745 valid=True
  [363/384] qid=746 valid=True
  [364/384] qid=747 valid=True
  [365/384] qid=748 valid=True
  [366/384] qid=749 valid=True
  [367/384] qid=750 valid=True
  [368/384] qid=751 valid=True
  [369/384] qid=752 valid=True
  [370/384] qid=753 valid=True
  [371/384] qid=754 valid=True
  [372/384] qid=755 valid=True
  [373/384] qid=756 valid=True
  [374/384] qid=757 valid=True
  [375/384] qid=758 valid=True
  [376/384] qid=759 valid=True
  [377/384] qid=760 valid=True
  [378/384] qid=761 valid=True
  [379/384] qid=762 valid=True
  [380/384] qid=763 valid=True
  [381/384] qid=764 valid=True
  [382/384] qid=765 valid=True
  [383/384] qid=766 valid=True
  [384/384] qid=767 valid=True
Evaluating 384 BIRD queries with subprocess timeout=12s ...
  [50/384] EX=37/50 (74.0%), Valid=50/50 (100.0%)
  [100/384] EX=78/100 (78.0%), Valid=100/100 (100.0%)
  [150/384] EX=120/150 (80.0%), Valid=150/150 (100.0%)
  [200/384] EX=166/200 (83.0%), Valid=200/200 (100.0%)
  [250/384] EX=203/250 (81.2%), Valid=250/250 (100.0%)
  [300/384] EX=245/300 (81.7%), Valid=300/300 (100.0%)
  [350/384] EX=289/350 (82.6%), Valid=349/350 (99.7%)
  [384/384] EX=321/384 (83.6%), Valid=383/384 (99.7%)

========== BIRD Official-style Evaluation ==========
Total queries: 384
Exact Match (EM): 262 / 384 = 68.23%
Execution Match (EX): 321 / 384 = 83.59%
Valid SQL Rate: 383 / 384 = 99.74%
JOIN EX: 202 / 248 = 81.45%
====================================================
Results written to metrics/e0_bird_dev_full_glm5.2_cot8k_retrieval_k3_v2_chunk1_20260726/bird_official_eval.json
Run e0_bird_dev_full_glm5.2_cot8k_retrieval_k3_v2_chunk1_20260726 complete.
Metrics: EX=83.59%, Valid=99.74%
