  [2/382] qid=1153 valid=True
  [3/382] qid=1154 valid=True
  [4/382] qid=1155 valid=True
  [5/382] qid=1156 valid=True
  [6/382] qid=1157 valid=True
  [7/382] qid=1158 valid=True
  [8/382] qid=1159 valid=True
  [9/382] qid=1160 valid=True
  [10/382] qid=1161 valid=True
  [11/382] qid=1162 valid=True
  [12/382] qid=1163 valid=True
  [13/382] qid=1164 valid=True
  [14/382] qid=1165 valid=True
  [15/382] qid=1166 valid=True
  [16/382] qid=1167 valid=True
  [17/382] qid=1168 valid=True
  [18/382] qid=1169 valid=True
  [19/382] qid=1170 valid=True
  [20/382] qid=1171 valid=True
  [21/382] qid=1172 valid=True
  [22/382] qid=1173 valid=True
  [23/382] qid=1174 valid=True
  [24/382] qid=1175 valid=True
  [25/382] qid=1176 valid=True
  [26/382] qid=1177 valid=False
  [27/382] qid=1178 valid=True
  [28/382] qid=1179 valid=True
  [29/382] qid=1180 valid=True
  [30/382] qid=1181 valid=True
  [31/382] qid=1182 valid=True
  [32/382] qid=1183 valid=True
  [33/382] qid=1184 valid=True
  [34/382] qid=1185 valid=True
  [35/382] qid=1186 valid=True
  [36/382] qid=1187 valid=True
  [37/382] qid=1188 valid=True
  [38/382] qid=1189 valid=True
  [39/382] qid=1190 valid=True
  [40/382] qid=1191 valid=True
  [41/382] qid=1192 valid=True
  [42/382] qid=1193 valid=True
  [43/382] qid=1194 valid=True
  [44/382] qid=1195 valid=True
  [45/382] qid=1196 valid=True
  [46/382] qid=1197 valid=True
  [47/382] qid=1198 valid=True
  [48/382] qid=1199 valid=True
  [49/382] qid=1200 valid=True
  [50/382] qid=1201 valid=True
  [51/382] qid=1202 valid=True
  [52/382] qid=1203 valid=True
  [53/382] qid=1204 valid=True
  [54/382] qid=1205 valid=True
  [55/382] qid=1206 valid=True
  [56/382] qid=1207 valid=True
  [57/382] qid=1208 valid=True
  [58/382] qid=1209 valid=True
  [59/382] qid=1210 valid=True
  [60/382] qid=1211 valid=True
  [61/382] qid=1212 valid=True
  [62/382] qid=1213 valid=True
  [63/382] qid=1214 valid=True
  [64/382] qid=1215 valid=True
  [65/382] qid=1216 valid=True
  [66/382] qid=1217 valid=True
  [67/382] qid=1218 valid=True
  [68/382] qid=1219 valid=True
  [69/382] qid=1220 valid=True
  [70/382] qid=1221 valid=True
  [71/382] qid=1222 valid=True
  [72/382] qid=1223 valid=True
  [73/382] qid=1224 valid=True
  [74/382] qid=1225 valid=True
  [75/382] qid=1226 valid=True
  [76/382] qid=1227 valid=True
  [77/382] qid=1228 valid=True
  [78/382] qid=1229 valid=True
  [79/382] qid=1230 valid=True
  [80/382] qid=1231 valid=True
  [81/382] qid=1232 valid=True
  [82/382] qid=1233 valid=True
  [83/382] qid=1234 valid=True
  [84/382] qid=1235 valid=True
  [85/382] qid=1236 valid=True
  [86/382] qid=1237 valid=True
  [87/382] qid=1238 valid=True
  [88/382] qid=1239 valid=True
  [89/382] qid=1240 valid=True
  [90/382] qid=1241 valid=True
  [91/382] qid=1242 valid=True
  [92/382] qid=1243 valid=True
  [93/382] qid=1244 valid=True
  [94/382] qid=1245 valid=True
  [95/382] qid=1246 valid=True
  [96/382] qid=1247 valid=True
  [97/382] qid=1248 valid=True
  [98/382] qid=1249 valid=True
  [99/382] qid=1250 valid=True
  [100/382] qid=1251 valid=True
  [101/382] qid=1252 valid=True
  [102/382] qid=1253 valid=True
  [103/382] qid=1254 valid=True
  [104/382] qid=1255 valid=True
  [105/382] qid=1256 valid=True
  [106/382] qid=1257 valid=True
  [107/382] qid=1258 valid=True
  [108/382] qid=1259 valid=True
  [109/382] qid=1260 valid=True
  [110/382] qid=1261 valid=True
  [111/382] qid=1262 valid=True
  [112/382] qid=1263 valid=True
  [113/382] qid=1264 valid=True
  [114/382] qid=1265 valid=True
  [115/382] qid=1266 valid=True
  [116/382] qid=1267 valid=True
  [117/382] qid=1268 valid=True
  [118/382] qid=1269 valid=True
  [119/382] qid=1270 valid=True
  [120/382] qid=1271 valid=True
  [121/382] qid=1272 valid=True
  [122/382] qid=1273 valid=True
  [123/382] qid=1274 valid=True
  [124/382] qid=1275 valid=True
  [125/382] qid=1276 valid=True
  [126/382] qid=1277 valid=True
  [127/382] qid=1278 valid=True
  [128/382] qid=1279 valid=True
  [129/382] qid=1280 valid=True
  [130/382] qid=1281 valid=True
  [131/382] qid=1282 valid=True
  [132/382] qid=1283 valid=True
  [133/382] qid=1284 valid=True
  [134/382] qid=1285 valid=True
  [135/382] qid=1286 valid=True
  [136/382] qid=1287 valid=True
  [137/382] qid=1288 valid=True
  [138/382] qid=1289 valid=True
  [139/382] qid=1290 valid=True
  [140/382] qid=1291 valid=True
  [141/382] qid=1292 valid=True
  [142/382] qid=1293 valid=True
  [143/382] qid=1294 valid=True
  [144/382] qid=1295 valid=True
  [145/382] qid=1296 valid=True
  [146/382] qid=1297 valid=True
  [147/382] qid=1298 valid=True
  [148/382] qid=1299 valid=True
  [149/382] qid=1300 valid=True
  [150/382] qid=1301 valid=True
  [151/382] qid=1302 valid=True
  [152/382] qid=1303 valid=True
  [153/382] qid=1304 valid=True
  [154/382] qid=1305 valid=True
  [155/382] qid=1306 valid=True
  [156/382] qid=1307 valid=True
  [157/382] qid=1308 valid=True
  [158/382] qid=1309 valid=True
  [159/382] qid=1310 valid=True
  [160/382] qid=1311 valid=True
  [161/382] qid=1312 valid=True
  [162/382] qid=1313 valid=True
  [163/382] qid=1314 valid=True
  [164/382] qid=1315 valid=True
  [165/382] qid=1316 valid=True
  [166/382] qid=1317 valid=True
  [167/382] qid=1318 valid=True
  [168/382] qid=1319 valid=True
  [169/382] qid=1320 valid=True
  [170/382] qid=1321 valid=True
  [171/382] qid=1322 valid=True
  [172/382] qid=1323 valid=True
  [173/382] qid=1324 valid=True
  [174/382] qid=1325 valid=True
  [175/382] qid=1326 valid=True
  [176/382] qid=1327 valid=True
  [177/382] qid=1328 valid=True
  [178/382] qid=1329 valid=True
  [179/382] qid=1330 valid=True
  [180/382] qid=1331 valid=True
  [181/382] qid=1332 valid=True
  [182/382] qid=1333 valid=True
  [183/382] qid=1334 valid=True
  [184/382] qid=1335 valid=True
  [185/382] qid=1336 valid=True
  [186/382] qid=1337 valid=True
  [187/382] qid=1338 valid=True
  [188/382] qid=1339 valid=True
  [189/382] qid=1340 valid=True
  [190/382] qid=1341 valid=True
  [191/382] qid=1342 valid=True
  [192/382] qid=1343 valid=True
  [193/382] qid=1344 valid=True
  [194/382] qid=1345 valid=True
  [195/382] qid=1346 valid=True
  [196/382] qid=1347 valid=True
  [197/382] qid=1348 valid=True
  [198/382] qid=1349 valid=True
  [199/382] qid=1350 valid=True
  [200/382] qid=1351 valid=True
  [201/382] qid=1352 valid=True
  [202/382] qid=1353 valid=True
  [203/382] qid=1354 valid=True
  [204/382] qid=1355 valid=True
  [205/382] qid=1356 valid=True
  [206/382] qid=1357 valid=True
  [207/382] qid=1358 valid=True
  [208/382] qid=1359 valid=True
  [209/382] qid=1360 valid=True
  [210/382] qid=1361 valid=True
  [211/382] qid=1362 valid=True
  [212/382] qid=1363 valid=True
  [213/382] qid=1364 valid=True
  [214/382] qid=1365 valid=True
  [215/382] qid=1366 valid=True
  [216/382] qid=1367 valid=True
  [217/382] qid=1368 valid=True
  [218/382] qid=1369 valid=True
  [219/382] qid=1370 valid=True
  [220/382] qid=1371 valid=True
  [221/382] qid=1372 valid=True
  [222/382] qid=1373 valid=True
  [223/382] qid=1374 valid=True
  [224/382] qid=1375 valid=True
  [225/382] qid=1376 valid=True
  [226/382] qid=1377 valid=True
  [227/382] qid=1378 valid=True
  [228/382] qid=1379 valid=True
  [229/382] qid=1380 valid=True
  [230/382] qid=1381 valid=True
  [231/382] qid=1382 valid=True
  [232/382] qid=1383 valid=True
  [233/382] qid=1384 valid=True
  [234/382] qid=1385 valid=True
  [235/382] qid=1386 valid=True
  [236/382] qid=1387 valid=True
  [237/382] qid=1388 valid=True
  [238/382] qid=1389 valid=True
  [239/382] qid=1390 valid=True
  [240/382] qid=1391 valid=True
  [241/382] qid=1392 valid=True
  [242/382] qid=1393 valid=True
  [243/382] qid=1394 valid=True
  [244/382] qid=1395 valid=True
  [245/382] qid=1396 valid=True
  [246/382] qid=1397 valid=True
  [247/382] qid=1398 valid=True
  [248/382] qid=1399 valid=True
  [249/382] qid=1400 valid=True
  [250/382] qid=1401 valid=True
  [251/382] qid=1402 valid=True
  [252/382] qid=1403 valid=True
  [253/382] qid=1404 valid=True
  [254/382] qid=1405 valid=True
  [255/382] qid=1406 valid=True
  [256/382] qid=1407 valid=True
  [257/382] qid=1408 valid=True
  [258/382] qid=1409 valid=True
  [259/382] qid=1410 valid=True
  [260/382] qid=1411 valid=True
  [261/382] qid=1412 valid=True
  [262/382] qid=1413 valid=True
  [263/382] qid=1414 valid=True
  [264/382] qid=1415 valid=True
  [265/382] qid=1416 valid=True
  [266/382] qid=1417 valid=True
  [267/382] qid=1418 valid=True
  [268/382] qid=1419 valid=True
  [269/382] qid=1420 valid=True
  [270/382] qid=1421 valid=True
  [271/382] qid=1422 valid=True
  [272/382] qid=1423 valid=True
  [273/382] qid=1424 valid=True
  [274/382] qid=1425 valid=True
  [275/382] qid=1426 valid=True
  [276/382] qid=1427 valid=True
  [277/382] qid=1428 valid=True
  [278/382] qid=1429 valid=True
  [279/382] qid=1430 valid=True
  [280/382] qid=1431 valid=True
  [281/382] qid=1432 valid=True
  [282/382] qid=1433 valid=True
  [283/382] qid=1434 valid=True
  [284/382] qid=1435 valid=True
  [285/382] qid=1436 valid=True
  [286/382] qid=1437 valid=True
  [287/382] qid=1438 valid=True
  [288/382] qid=1439 valid=True
  [289/382] qid=1440 valid=True
  [290/382] qid=1441 valid=True
  [291/382] qid=1442 valid=True
  [292/382] qid=1443 valid=True
  [293/382] qid=1444 valid=True
  [294/382] qid=1445 valid=True
  [295/382] qid=1446 valid=True
  [296/382] qid=1447 valid=True
  [297/382] qid=1448 valid=True
  [298/382] qid=1449 valid=True
  [299/382] qid=1450 valid=True
  [300/382] qid=1451 valid=True
  [301/382] qid=1452 valid=True
  [302/382] qid=1453 valid=True
  [303/382] qid=1454 valid=True
  [304/382] qid=1455 valid=True
  [305/382] qid=1456 valid=True
  [306/382] qid=1457 valid=False
  [307/382] qid=1458 valid=True
  [308/382] qid=1459 valid=True
  [309/382] qid=1460 valid=True
  [310/382] qid=1461 valid=True
  [311/382] qid=1462 valid=True
  [312/382] qid=1463 valid=True
  [313/382] qid=1464 valid=True
  [314/382] qid=1465 valid=True
  [315/382] qid=1466 valid=True
  [316/382] qid=1467 valid=True
  [317/382] qid=1468 valid=True
  [318/382] qid=1469 valid=True
  [319/382] qid=1470 valid=True
  [320/382] qid=1471 valid=True
  [321/382] qid=1472 valid=True
  [322/382] qid=1473 valid=True
  [323/382] qid=1474 valid=True
  [324/382] qid=1475 valid=True
  [325/382] qid=1476 valid=True
  [326/382] qid=1477 valid=True
  [327/382] qid=1478 valid=True
  [328/382] qid=1479 valid=True
  [329/382] qid=1480 valid=True
  [330/382] qid=1481 valid=True
  [331/382] qid=1482 valid=True
  [332/382] qid=1483 valid=True
  [333/382] qid=1484 valid=True
  [334/382] qid=1485 valid=True
  [335/382] qid=1486 valid=True
  [336/382] qid=1487 valid=True
  [337/382] qid=1488 valid=True
  [338/382] qid=1489 valid=True
  [339/382] qid=1490 valid=True
  [340/382] qid=1491 valid=True
  [341/382] qid=1492 valid=True
  [342/382] qid=1493 valid=True
  [343/382] qid=1494 valid=True
  [344/382] qid=1495 valid=True
  [345/382] qid=1496 valid=True
  [346/382] qid=1497 valid=True
  [347/382] qid=1498 valid=True
  [348/382] qid=1499 valid=True
  [349/382] qid=1500 valid=True
  [350/382] qid=1501 valid=True
  [351/382] qid=1502 valid=True
  [352/382] qid=1503 valid=True
  [353/382] qid=1504 valid=True
  [354/382] qid=1505 valid=True
  [355/382] qid=1506 valid=True
  [356/382] qid=1507 valid=True
  [357/382] qid=1508 valid=True
  [358/382] qid=1509 valid=True
  [359/382] qid=1510 valid=True
  [360/382] qid=1511 valid=True
  [361/382] qid=1512 valid=True
  [362/382] qid=1513 valid=True
  [363/382] qid=1514 valid=True
  [364/382] qid=1515 valid=True
  [365/382] qid=1516 valid=True
  [366/382] qid=1517 valid=True
  [367/382] qid=1518 valid=True
  [368/382] qid=1519 valid=True
  [369/382] qid=1520 valid=True
  [370/382] qid=1521 valid=True
  [371/382] qid=1522 valid=True
  [372/382] qid=1523 valid=True
  [373/382] qid=1524 valid=False
  [374/382] qid=1525 valid=True
  [375/382] qid=1526 valid=True
  [376/382] qid=1527 valid=True
  [377/382] qid=1528 valid=True
  [378/382] qid=1529 valid=True
  [379/382] qid=1530 valid=True
  [380/382] qid=1531 valid=True
  [381/382] qid=1532 valid=True
  [382/382] qid=1533 valid=True
Evaluating 382 BIRD queries with subprocess timeout=12s ...
  [50/382] EX=41/50 (82.0%), Valid=49/50 (98.0%)
  [100/382] EX=83/100 (83.0%), Valid=99/100 (99.0%)
  [150/382] EX=121/150 (80.7%), Valid=149/150 (99.3%)
  [200/382] EX=167/200 (83.5%), Valid=199/200 (99.5%)
  [250/382] EX=215/250 (86.0%), Valid=249/250 (99.6%)
  [300/382] EX=259/300 (86.3%), Valid=299/300 (99.7%)
  [350/382] EX=301/350 (86.0%), Valid=348/350 (99.4%)
  [382/382] EX=330/382 (86.4%), Valid=379/382 (99.2%)

========== BIRD Official-style Evaluation ==========
Total queries: 382
Exact Match (EM): 256 / 382 = 67.02%
Execution Match (EX): 330 / 382 = 86.39%
Valid SQL Rate: 379 / 382 = 99.21%
JOIN EX: 270 / 309 = 87.38%
====================================================
Results written to metrics/e0_bird_dev_full_glm5.2_cot8k_retrieval_k3_v2_chunk3_20260726/bird_official_eval.json
Run e0_bird_dev_full_glm5.2_cot8k_retrieval_k3_v2_chunk3_20260726 complete.
Metrics: EX=86.39%, Valid=99.21%
