  [50/1534] qid=49 candidates=4 chosen=retrieval_k5_v2 joins=0
  [100/1534] qid=99 candidates=5 chosen=retrieval_k5_v2 joins=1
  [150/1534] qid=149 candidates=3 chosen=retrieval_k5_v2 joins=2
  [200/1534] qid=199 candidates=3 chosen=retrieval_k5_v2 joins=1
  [250/1534] qid=249 candidates=3 chosen=retrieval_k5_v2 joins=1
  [300/1534] qid=299 candidates=3 chosen=retrieval_k5_v2 joins=0
  [350/1534] qid=349 candidates=4 chosen=retrieval_k5_v2 joins=1
  [400/1534] qid=399 candidates=4 chosen=retrieval_k5_v2 joins=0
  [450/1534] qid=449 candidates=4 chosen=retrieval_k5_v2 joins=1
  [500/1534] qid=499 candidates=3 chosen=retrieval_k5_v2 joins=1
  [550/1534] qid=549 candidates=3 chosen=retrieval_k5_v2 joins=1
  [600/1534] qid=599 candidates=3 chosen=retrieval_k5_v2 joins=0
  [650/1534] qid=649 candidates=4 chosen=retrieval_k5_v2 joins=1
  [700/1534] qid=699 candidates=3 chosen=retrieval_k5_v2 joins=0
  [750/1534] qid=749 candidates=3 chosen=retrieval_k5_v2 joins=2
  [800/1534] qid=799 candidates=3 chosen=retrieval_k5_v2 joins=1
  [850/1534] qid=849 candidates=4 chosen=retrieval_k5_v2 joins=1
  [900/1534] qid=899 candidates=3 chosen=retrieval_k5_v2 joins=1
  [950/1534] qid=949 candidates=3 chosen=retrieval_k5_v2 joins=1
  [1000/1534] qid=999 candidates=3 chosen=retrieval_k5_v2 joins=1
  [1050/1534] qid=1049 candidates=3 chosen=retrieval_k5_v2 joins=1
  [1100/1534] qid=1099 candidates=3 chosen=retrieval_k5_v2 joins=1
  [1150/1534] qid=1149 candidates=3 chosen=retrieval_k5_v2 joins=0
  [1200/1534] qid=1199 candidates=4 chosen=retrieval_k5_v2 joins=0
  [1250/1534] qid=1249 candidates=3 chosen=retrieval_k5_v2 joins=1
  [1300/1534] qid=1299 candidates=4 chosen=retrieval_k5_v2 joins=1
  [1350/1534] qid=1349 candidates=3 chosen=retrieval_k5_v2 joins=1
  [1400/1534] qid=1399 candidates=4 chosen=retrieval_k5_v2 joins=2
  [1450/1534] qid=1449 candidates=3 chosen=retrieval_k5_v2 joins=2
  [1500/1534] qid=1499 candidates=4 chosen=retrieval_k5_v2 joins=1
  [1534/1534] qid=1533 candidates=3 chosen=retrieval_k5_v2 joins=1
Evaluating 1534 BIRD queries with subprocess timeout=12s ...
  [50/1534] EX=43/50 (86.0%), Valid=46/50 (92.0%)
  [100/1534] EX=87/100 (87.0%), Valid=96/100 (96.0%)
  [150/1534] EX=128/150 (85.3%), Valid=145/150 (96.7%)
  [200/1534] EX=169/200 (84.5%), Valid=193/200 (96.5%)
  [250/1534] EX=209/250 (83.6%), Valid=241/250 (96.4%)
  [300/1534] EX=249/300 (83.0%), Valid=290/300 (96.7%)
  [350/1534] EX=291/350 (83.1%), Valid=338/350 (96.6%)
  [400/1534] EX=325/400 (81.2%), Valid=380/400 (95.0%)
  [450/1534] EX=360/450 (80.0%), Valid=426/450 (94.7%)
  [500/1534] EX=404/500 (80.8%), Valid=475/500 (95.0%)
  [550/1534] EX=443/550 (80.5%), Valid=522/550 (94.9%)
  [600/1534] EX=483/600 (80.5%), Valid=571/600 (95.2%)
  [650/1534] EX=520/650 (80.0%), Valid=620/650 (95.4%)
  [700/1534] EX=564/700 (80.6%), Valid=669/700 (95.6%)
  [750/1534] EX=607/750 (80.9%), Valid=715/750 (95.3%)
  [800/1534] EX=655/800 (81.9%), Valid=765/800 (95.6%)
  [850/1534] EX=698/850 (82.1%), Valid=815/850 (95.9%)
  [900/1534] EX=734/900 (81.6%), Valid=865/900 (96.1%)
  [950/1534] EX=778/950 (81.9%), Valid=915/950 (96.3%)
  [1000/1534] EX=817/1000 (81.7%), Valid=964/1000 (96.4%)
  [1050/1534] EX=853/1050 (81.2%), Valid=1014/1050 (96.6%)
  [1100/1534] EX=898/1100 (81.6%), Valid=1062/1100 (96.5%)
  [1150/1534] EX=943/1150 (82.0%), Valid=1110/1150 (96.5%)
  [1200/1534] EX=985/1200 (82.1%), Valid=1160/1200 (96.7%)
  [1250/1534] EX=1028/1250 (82.2%), Valid=1210/1250 (96.8%)
  [1300/1534] EX=1064/1300 (81.8%), Valid=1260/1300 (96.9%)
  [1350/1534] EX=1111/1350 (82.3%), Valid=1310/1350 (97.0%)
  [1400/1534] EX=1158/1400 (82.7%), Valid=1360/1400 (97.1%)
  [1450/1534] EX=1204/1450 (83.0%), Valid=1410/1450 (97.2%)
  [1500/1534] EX=1247/1500 (83.1%), Valid=1460/1500 (97.3%)
  [1534/1534] EX=1279/1534 (83.4%), Valid=1494/1534 (97.4%)

========== BIRD Official-style Evaluation ==========
Total queries: 1534
Exact Match (EM): 1036 / 1534 = 67.54%
Execution Match (EX): 1279 / 1534 = 83.38%
Valid SQL Rate: 1494 / 1534 = 97.39%
JOIN EX: 953 / 1140 = 83.60%
====================================================
Results written to metrics/e5b_bird_dev_full_selector_k5_k3_base_e3_dh_20260726/bird_official_eval.json
Run e5b_bird_dev_full_selector_k5_k3_base_e3_dh_20260726 complete.
Metrics: EX=83.38%, Valid=97.39%
